ARM GAS  C:\Users\nicx5\AppData\Local\Temp\ccDeJaIi.s 			page 1


   1              		.cpu cortex-m7
   2              		.arch armv7e-m
   3              		.fpu fpv5-d16
   4              		.eabi_attribute 28, 1
   5              		.eabi_attribute 20, 1
   6              		.eabi_attribute 21, 1
   7              		.eabi_attribute 23, 3
   8              		.eabi_attribute 24, 1
   9              		.eabi_attribute 25, 1
  10              		.eabi_attribute 26, 1
  11              		.eabi_attribute 30, 4
  12              		.eabi_attribute 34, 1
  13              		.eabi_attribute 18, 4
  14              		.file	"error_handler.c"
  15              		.file 1 "Bootloader/Src/error_handler.c"
  16              		.file 2 "Drivers/CMSIS/Include/cmsis_gcc.h"
  17              		.section	.gnu.debuglto_.debug_info,"e",%progbits
  18              	.Ldebug_info0:
  19              		.hidden	error_handler.c.d5ae7da6
  20              		.weak	error_handler.c.d5ae7da6
  21              	error_handler.c.d5ae7da6:
  22 0000 8F000000 		.4byte	0x8f
  23 0004 0200     		.2byte	0x2
  24 0006 00000000 		.4byte	.Ldebug_abbrev0
  25 000a 04       		.byte	0x4
  26 000b 01       		.uleb128 0x1
  27 000c F1000000 		.4byte	.LASF13
  28 0010 0C       		.byte	0xc
  29 0011 3D000000 		.4byte	.LASF14
  30 0015 29000000 		.4byte	.LASF15
  31 0019 00000000 		.4byte	.Ldebug_line0
  32 001d 02       		.uleb128 0x2
  33 001e 02       		.byte	0x2
  34 001f 05       		.byte	0x5
  35 0020 AF000000 		.4byte	.LASF0
  36 0024 02       		.uleb128 0x2
  37 0025 01       		.byte	0x1
  38 0026 06       		.byte	0x6
  39 0027 D3000000 		.4byte	.LASF1
  40 002b 02       		.uleb128 0x2
  41 002c 01       		.byte	0x1
  42 002d 08       		.byte	0x8
  43 002e 1B000000 		.4byte	.LASF2
  44 0032 02       		.uleb128 0x2
  45 0033 02       		.byte	0x2
  46 0034 07       		.byte	0x7
  47 0035 C0000000 		.4byte	.LASF3
  48 0039 02       		.uleb128 0x2
  49 003a 04       		.byte	0x4
  50 003b 05       		.byte	0x5
  51 003c A6000000 		.4byte	.LASF4
  52 0040 02       		.uleb128 0x2
  53 0041 04       		.byte	0x4
  54 0042 07       		.byte	0x7
  55 0043 5C000000 		.4byte	.LASF5
  56 0047 02       		.uleb128 0x2
  57 0048 08       		.byte	0x8
ARM GAS  C:\Users\nicx5\AppData\Local\Temp\ccDeJaIi.s 			page 2


  58 0049 05       		.byte	0x5
  59 004a 00000000 		.4byte	.LASF6
  60 004e 02       		.uleb128 0x2
  61 004f 08       		.byte	0x8
  62 0050 07       		.byte	0x7
  63 0051 6E000000 		.4byte	.LASF7
  64 0055 03       		.uleb128 0x3
  65 0056 04       		.byte	0x4
  66 0057 05       		.byte	0x5
  67 0058 696E7400 		.ascii	"int\000"
  68 005c 02       		.uleb128 0x2
  69 005d 04       		.byte	0x4
  70 005e 07       		.byte	0x7
  71 005f 0E000000 		.4byte	.LASF8
  72 0063 02       		.uleb128 0x2
  73 0064 08       		.byte	0x8
  74 0065 04       		.byte	0x4
  75 0066 DF000000 		.4byte	.LASF9
  76 006a 02       		.uleb128 0x2
  77 006b 01       		.byte	0x1
  78 006c 08       		.byte	0x8
  79 006d 93000000 		.4byte	.LASF10
  80 0071 02       		.uleb128 0x2
  81 0072 04       		.byte	0x4
  82 0073 04       		.byte	0x4
  83 0074 EB000000 		.4byte	.LASF11
  84 0078 02       		.uleb128 0x2
  85 0079 08       		.byte	0x8
  86 007a 04       		.byte	0x4
  87 007b B9000000 		.4byte	.LASF12
  88 007f 04       		.uleb128 0x4
  89 0080 01       		.byte	0x1
  90 0081 85000000 		.4byte	.LASF16
  91 0085 01       		.byte	0x1
  92 0086 03       		.byte	0x3
  93 0087 06       		.byte	0x6
  94 0088 01       		.byte	0x1
  95 0089 05       		.uleb128 0x5
  96 008a 98000000 		.4byte	.LASF17
  97 008e 02       		.byte	0x2
  98 008f CF       		.byte	0xcf
  99 0090 1B       		.byte	0x1b
 100 0091 01       		.byte	0x1
 101 0092 00       		.byte	0
 102              		.section	.gnu.debuglto_.debug_abbrev,"e",%progbits
 103              	.Ldebug_abbrev0:
 104 0000 01       		.uleb128 0x1
 105 0001 11       		.uleb128 0x11
 106 0002 01       		.byte	0x1
 107 0003 25       		.uleb128 0x25
 108 0004 0E       		.uleb128 0xe
 109 0005 13       		.uleb128 0x13
 110 0006 0B       		.uleb128 0xb
 111 0007 03       		.uleb128 0x3
 112 0008 0E       		.uleb128 0xe
 113 0009 1B       		.uleb128 0x1b
 114 000a 0E       		.uleb128 0xe
ARM GAS  C:\Users\nicx5\AppData\Local\Temp\ccDeJaIi.s 			page 3


 115 000b 10       		.uleb128 0x10
 116 000c 06       		.uleb128 0x6
 117 000d 00       		.byte	0
 118 000e 00       		.byte	0
 119 000f 02       		.uleb128 0x2
 120 0010 24       		.uleb128 0x24
 121 0011 00       		.byte	0
 122 0012 0B       		.uleb128 0xb
 123 0013 0B       		.uleb128 0xb
 124 0014 3E       		.uleb128 0x3e
 125 0015 0B       		.uleb128 0xb
 126 0016 03       		.uleb128 0x3
 127 0017 0E       		.uleb128 0xe
 128 0018 00       		.byte	0
 129 0019 00       		.byte	0
 130 001a 03       		.uleb128 0x3
 131 001b 24       		.uleb128 0x24
 132 001c 00       		.byte	0
 133 001d 0B       		.uleb128 0xb
 134 001e 0B       		.uleb128 0xb
 135 001f 3E       		.uleb128 0x3e
 136 0020 0B       		.uleb128 0xb
 137 0021 03       		.uleb128 0x3
 138 0022 08       		.uleb128 0x8
 139 0023 00       		.byte	0
 140 0024 00       		.byte	0
 141 0025 04       		.uleb128 0x4
 142 0026 2E       		.uleb128 0x2e
 143 0027 00       		.byte	0
 144 0028 3F       		.uleb128 0x3f
 145 0029 0C       		.uleb128 0xc
 146 002a 03       		.uleb128 0x3
 147 002b 0E       		.uleb128 0xe
 148 002c 3A       		.uleb128 0x3a
 149 002d 0B       		.uleb128 0xb
 150 002e 3B       		.uleb128 0x3b
 151 002f 0B       		.uleb128 0xb
 152 0030 39       		.uleb128 0x39
 153 0031 0B       		.uleb128 0xb
 154 0032 27       		.uleb128 0x27
 155 0033 0C       		.uleb128 0xc
 156 0034 00       		.byte	0
 157 0035 00       		.byte	0
 158 0036 05       		.uleb128 0x5
 159 0037 2E       		.uleb128 0x2e
 160 0038 00       		.byte	0
 161 0039 03       		.uleb128 0x3
 162 003a 0E       		.uleb128 0xe
 163 003b 3A       		.uleb128 0x3a
 164 003c 0B       		.uleb128 0xb
 165 003d 3B       		.uleb128 0x3b
 166 003e 0B       		.uleb128 0xb
 167 003f 39       		.uleb128 0x39
 168 0040 0B       		.uleb128 0xb
 169 0041 27       		.uleb128 0x27
 170 0042 0C       		.uleb128 0xc
 171 0043 00       		.byte	0
ARM GAS  C:\Users\nicx5\AppData\Local\Temp\ccDeJaIi.s 			page 4


 172 0044 00       		.byte	0
 173 0045 00       		.byte	0
 174              		.section	.gnu.debuglto_.debug_line,"e",%progbits
 175              	.Ldebug_line0:
 176 0000 60000000 		.4byte	.LELT0-.LSLT0
 177              	.LSLT0:
 178 0004 0200     		.2byte	0x2
 179 0006 5A000000 		.4byte	.LELTP0-.LASLTP0
 180              	.LASLTP0:
 181 000a 01       		.byte	0x1
 182 000b 01       		.byte	0x1
 183 000c F6       		.byte	0xf6
 184 000d F2       		.byte	0xf2
 185 000e 0D       		.byte	0xd
 186 000f 00       		.byte	0
 187 0010 01       		.byte	0x1
 188 0011 01       		.byte	0x1
 189 0012 01       		.byte	0x1
 190 0013 01       		.byte	0x1
 191 0014 00       		.byte	0
 192 0015 00       		.byte	0
 193 0016 00       		.byte	0
 194 0017 01       		.byte	0x1
 195 0018 00       		.byte	0
 196 0019 00       		.byte	0
 197 001a 01       		.byte	0x1
 198 001b 426F6F74 		.ascii	"Bootloader/Src"
 198      6C6F6164 
 198      65722F53 
 198      7263
 199 0029 00       		.byte	0
 200 002a 44726976 		.ascii	"Drivers/CMSIS/Include"
 200      6572732F 
 200      434D5349 
 200      532F496E 
 200      636C7564 
 201 003f 00       		.byte	0
 202 0040 00       		.byte	0
 203 0041 6572726F 		.ascii	"error_handler.c\000"
 203      725F6861 
 203      6E646C65 
 203      722E6300 
 204 0051 01       		.uleb128 0x1
 205 0052 00       		.uleb128 0
 206 0053 00       		.uleb128 0
 207 0054 636D7369 		.ascii	"cmsis_gcc.h\000"
 207      735F6763 
 207      632E6800 
 208 0060 02       		.uleb128 0x2
 209 0061 00       		.uleb128 0
 210 0062 00       		.uleb128 0
 211 0063 00       		.byte	0
 212              	.LELTP0:
 213              	.LELT0:
 214              		.section	.gnu.debuglto_.debug_str,"eMS",%progbits,1
 215              	.LASF6:
 216 0000 6C6F6E67 		.ascii	"long long int\000"
ARM GAS  C:\Users\nicx5\AppData\Local\Temp\ccDeJaIi.s 			page 5


 216      206C6F6E 
 216      6720696E 
 216      7400
 217              	.LASF8:
 218 000e 756E7369 		.ascii	"unsigned int\000"
 218      676E6564 
 218      20696E74 
 218      00
 219              	.LASF2:
 220 001b 756E7369 		.ascii	"unsigned char\000"
 220      676E6564 
 220      20636861 
 220      7200
 221              	.LASF15:
 222 0029 453A5C57 		.ascii	"E:\\Works\\STM32\\HBox\000"
 222      6F726B73 
 222      5C53544D 
 222      33325C48 
 222      426F7800 
 223              	.LASF14:
 224 003d 426F6F74 		.ascii	"Bootloader/Src/error_handler.c\000"
 224      6C6F6164 
 224      65722F53 
 224      72632F65 
 224      72726F72 
 225              	.LASF5:
 226 005c 6C6F6E67 		.ascii	"long unsigned int\000"
 226      20756E73 
 226      69676E65 
 226      6420696E 
 226      7400
 227              	.LASF7:
 228 006e 6C6F6E67 		.ascii	"long long unsigned int\000"
 228      206C6F6E 
 228      6720756E 
 228      7369676E 
 228      65642069 
 229              	.LASF16:
 230 0085 4572726F 		.ascii	"Error_Handler\000"
 230      725F4861 
 230      6E646C65 
 230      7200
 231              	.LASF10:
 232 0093 63686172 		.ascii	"char\000"
 232      00
 233              	.LASF17:
 234 0098 5F5F6469 		.ascii	"__disable_irq\000"
 234      7361626C 
 234      655F6972 
 234      7100
 235              	.LASF4:
 236 00a6 6C6F6E67 		.ascii	"long int\000"
 236      20696E74 
 236      00
 237              	.LASF0:
 238 00af 73686F72 		.ascii	"short int\000"
 238      7420696E 
ARM GAS  C:\Users\nicx5\AppData\Local\Temp\ccDeJaIi.s 			page 6


 238      7400
 239              	.LASF12:
 240 00b9 646F7562 		.ascii	"double\000"
 240      6C6500
 241              	.LASF3:
 242 00c0 73686F72 		.ascii	"short unsigned int\000"
 242      7420756E 
 242      7369676E 
 242      65642069 
 242      6E7400
 243              	.LASF1:
 244 00d3 7369676E 		.ascii	"signed char\000"
 244      65642063 
 244      68617200 
 245              	.LASF9:
 246 00df 6C6F6E67 		.ascii	"long double\000"
 246      20646F75 
 246      626C6500 
 247              	.LASF11:
 248 00eb 666C6F61 		.ascii	"float\000"
 248      7400
 249              	.LASF13:
 250 00f1 474E5520 		.ascii	"GNU C17 13.3.0 -mcpu=cortex-m7 -mthumb -mfpu=fpv5-d"
 250      43313720 
 250      31332E33 
 250      2E30202D 
 250      6D637075 
 251 0124 3136202D 		.ascii	"16 -mfloat-abi=hard -march=armv7e-m+fp.dp -g -gdwar"
 251      6D666C6F 
 251      61742D61 
 251      62693D68 
 251      61726420 
 252 0157 662D3220 		.ascii	"f-2 -Os -fdata-sections -ffunction-sections -flto -"
 252      2D4F7320 
 252      2D666461 
 252      74612D73 
 252      65637469 
 253 018a 666D6572 		.ascii	"fmerge-constants -fno-unwind-tables -fno-asynchrono"
 253      67652D63 
 253      6F6E7374 
 253      616E7473 
 253      202D666E 
 254 01bd 75732D75 		.ascii	"us-unwind-tables\000"
 254      6E77696E 
 254      642D7461 
 254      626C6573 
 254      00
 255              		.text
 256              		.section	.gnu.lto_.profile.1f2f4b34,"e",%progbits
 257 0000 28B52FFD 		.ascii	"(\265/\375 \0061\000\000\002\000\000\000\000\000"
 257      20063100 
 257      00020000 
 257      000000
 258              		.text
 259              		.section	.gnu.lto_.icf.1f2f4b34,"e",%progbits
 260 0000 28B52FFD 		.ascii	"(\265/\375 \025\215\000\000X\011\000\001\000\217\331"
 260      20158D00 
ARM GAS  C:\Users\nicx5\AppData\Local\Temp\ccDeJaIi.s 			page 7


 260      00580900 
 260      01008FD9 
 261 0010 CEB10500 		.ascii	"\316\261\005\000\000\001\000\033\300\002"
 261      0001001B 
 261      C002
 262              		.text
 263              		.section	.gnu.lto_.ipa_sra.1f2f4b34,"e",%progbits
 264 0000 28B52FFD 		.ascii	"(\265/\375 \021m\000\0008\005\000\001\000\000\001\000"
 264      20116D00 
 264      00380500 
 264      01000001 
 264      00
 265 0011 01001BC0 		.ascii	"\001\000\033\300\002"
 265      02
 266              		.text
 267              		.section	.gnu.lto_.inline.1f2f4b34,"e",%progbits
 268 0000 28B52FFD 		.ascii	"(\265/\375 2]\001\000$\002&\000\001\000\000\003\200"
 268      20325D01 
 268      00240226 
 268      00010000 
 268      0380
 269 0012 80808002 		.ascii	"\200\200\200\002c\001\000\000\002\002\000\000\004\000"
 269      63010000 
 269      02020000 
 269      0400
 270 0020 81808080 		.ascii	"\201\200\200\200~\002\000\002\000\000\000\000\000\002"
 270      7E020002 
 270      00000000 
 270      0002
 271 002e 002EA36E 		.ascii	"\000.\243n\240\015"
 271      A00D
 272              		.text
 273              		.section	.gnu.lto_.jmpfuncs.1f2f4b34,"e",%progbits
 274 0000 28B52FFD 		.ascii	"(\265/\375 \021m\000\0008\005\000\001\000\000\000\000"
 274      20116D00 
 274      00380500 
 274      01000000 
 274      00
 275 0011 01001BC0 		.ascii	"\001\000\033\300\002"
 275      02
 276              		.text
 277              		.section	.gnu.lto_.pureconst.1f2f4b34,"e",%progbits
 278 0000 28B52FFD 		.ascii	"(\265/\375 \010A\000\000\004\000\000\000\001\000\265"
 278      20084100 
 278      00040000 
 278      000100B5 
 279 0010 05       		.ascii	"\005"
 280              		.text
 281              		.section	.gnu.lto_.ipa_modref.1f2f4b34,"e",%progbits
 282 0000 28B52FFD 		.ascii	"(\265/\375 \016E\000\000\020\002\000\001\000\034\300"
 282      200E4500 
 282      00100200 
 282      01001CC0 
 283 0010 02       		.ascii	"\002"
 284              		.text
 285              		.section	.gnu.lto_.lto.1f2f4b34,"e",%progbits
 286 0000 0D000100 		.ascii	"\015\000\001\000\001\000\001\000"
ARM GAS  C:\Users\nicx5\AppData\Local\Temp\ccDeJaIi.s 			page 8


 286      01000100 
 287              		.text
 288              		.section	.gnu.lto_Error_Handler.335.1f2f4b34,"e",%progbits
 289 0000 28B52FFD 		.ascii	"(\265/\375`\233\000\345\012\000\366SL?\000%+\035L`\255"
 289      609B00E5 
 289      0A00F653 
 289      4C3F0025 
 289      2B1D4C60 
 290 0015 412C5703 		.ascii	"A,W\003vL\353<'[\000\354\2419\264\374\3674\326J\206"
 290      764CEB3C 
 290      275B00EC 
 290      A139B4FC 
 290      F734D64A 
 291 002a 8A618E6E 		.ascii	"\212a\216n\325.\342\231\231\017 \366/\312\005kD\025"
 291      D52EE299 
 291      990F20F6 
 291      2FCA056B 
 291      4415
 292 003c BF4C087F 		.ascii	"\277L\010\177\214\356\360&\227\233\177\001\253\010\331"
 292      8CEEF026 
 292      979B7F01 
 292      AB08D9
 293 004b 44A63700 		.ascii	"D\2467\000;\000<\000\377\210E\036}\366\003\031\320\012"
 293      3B003C00 
 293      FF88451E 
 293      7DF60319 
 293      D00A
 294 005d 52707ADD 		.ascii	"Rpz\335=V\227Wp\306a\005g\347\003\033\207(\\Y\307&\234"
 294      3D569757 
 294      70C66105 
 294      67E7031B 
 294      87285C59 
 295 0074 4ACF4DCD 		.ascii	"J\317M\315\306`\210\241\273\017\322j'|\221\377\247\376"
 295      C66088A1 
 295      BB0FD26A 
 295      277C91FF 
 295      A7FE
 296 0086 5BFCDF09 		.ascii	"[\374\337\011+-\274\006\177$\235\037\037_\000\216a\025"
 296      2B2DBC06 
 296      7F249D1F 
 296      1F5F008E 
 296      6115
 297 0098 CF07A0C1 		.ascii	"\317\007\240\301\337iB\300\212;\213%A5\257\267\277\362"
 297      DF6942C0 
 297      8A3B8B25 
 297      4135AFB7 
 297      BFF2
 298 00aa 8E474CBA 		.ascii	"\216GL\272Y~\275\346\021s^\376\3639\307:\031\313\\\001"
 298      597EBDE6 
 298      11735EFE 
 298      F339C73A 
 298      19CB5C01 
 299 00be A6BB472C 		.ascii	"\246\273G,\236s\262\031(\212\0328\007\212\212X!$\250"
 299      9E73B219 
 299      288A1A38 
 299      078A8A58 
 299      2124A8
ARM GAS  C:\Users\nicx5\AppData\Local\Temp\ccDeJaIi.s 			page 9


 300 00d1 24C8557A 		.ascii	"$\310Uzq\321\211\325\302\203\300\377\320\271\3368\254"
 300      71D189D5 
 300      C283C0FF 
 300      D0B9DE38 
 300      AC
 301 00e2 379B9D8B 		.ascii	"7\233\235\213\007\001\322\013\273\273k\305}\346\177"
 301      0701D20B 
 301      BBBB6BC5 
 301      7DE67F
 302 00f1 808788C4 		.ascii	"\200\207\210\304\232X\2448\377\245\217*r\3261)\357\270"
 302      9A58A438 
 302      FFA58F2A 
 302      72D63129 
 302      EFB8
 303 0103 28CC8485 		.ascii	"(\314\204\205~\022\224g\212aEw\235\254\255`\245g\012"
 303      7E129467 
 303      8A614577 
 303      9DACAD60 
 303      A5670A
 304 0116 B3A3596A 		.ascii	"\263\243Yj\274l,5\222)R\3250\246\327\3348\257C\351\366"
 304      BC6C2C35 
 304      922952D5 
 304      30A6D7DC 
 304      38AF43E9 
 305 012b 74CD5719 		.ascii	"t\315W\031k\271X\027\275\327\034\355%\307k\226-\364"
 305      6BB95817 
 305      BDD71CED 
 305      25C76B96 
 305      2DF4
 306 013d 1510004A 		.ascii	"\025\020\000J\315X\032\270\010\027C\036L\320A\031\361"
 306      CD581AB8 
 306      0817431E 
 306      4CD04119 
 306      F1
 307 014e 8A10854B 		.ascii	"\212\020\205K\374\263\334\003\224\365K\273\201[8\350"
 307      FCB3DC03 
 307      94F54BBB 
 307      815B38E8 
 308 015e 710A0254 		.ascii	"q\012\002T\015\3235\237"
 308      0DD3359F 
 309              		.text
 310              		.section	.gnu.lto_.symbol_nodes.1f2f4b34,"e",%progbits
 311 0000 28B52FFD 		.ascii	"(\265/\375 \036\361\000\000\032\000\000\000\000\002"
 311      201EF100 
 311      001A0000 
 311      000002
 312 000f CF027F00 		.ascii	"\317\002\177\000\304\357\210\005\001\220\316\000\000"
 312      C4EF8805 
 312      0190CE00 
 312      00
 313 001c 7F0000BA 		.ascii	"\177\000\000\272\220\202\001\000\000\000\000"
 313      90820100 
 313      000000
 314              		.text
 315              		.section	.gnu.lto_.refs.1f2f4b34,"e",%progbits
 316 0000 28B52FFD 		.ascii	"(\265/\375 \005)\000\000\001\000\000\000\000"
 316      20052900 
ARM GAS  C:\Users\nicx5\AppData\Local\Temp\ccDeJaIi.s 			page 10


 316      00010000 
 316      0000
 317              		.text
 318              		.section	.gnu.lto_.decls.1f2f4b34,"e",%progbits
 319 0000 28B52FFD 		.ascii	"(\265/\375`\244\002u\027\000\006/\246H\260\032m:<\020"
 319      60A40275 
 319      1700062F 
 319      A648B01A 
 319      6D3A3C10 
 320 0014 2BC5FF9D 		.ascii	"+\305\377\235\376\251\362j\230\222\204\275\324A\305"
 320      FEA9F26A 
 320      989284BD 
 320      D441C5
 321 0023 8D1BC375 		.ascii	"\215\033\303uf{s8hATY8\204D8\201a\015\030\262\264g$"
 321      667B7338 
 321      68415459 
 321      38844438 
 321      81610D18 
 322 003b 258C39B0 		.ascii	"%\2149\260n\317\2650\177\014d\023\260\005\273\320\002"
 322      6ECFB530 
 322      7F0C6413 
 322      B005BBD0 
 322      02
 323 004c 9E6073C7 		.ascii	"\236`s\3079P\232\006\2212\202\000\207\000\230\000\367"
 323      39509A06 
 323      91328200 
 323      87009800 
 323      F7
 324 005d 4864DF7E 		.ascii	"Hd\337~\366\333\373\035r\350\242\264\241\253\343\207"
 324      F6DBFB1D 
 324      72E8A2B4 
 324      A1ABE387 
 325 006d 966346F4 		.ascii	"\226cF\364\337+\222\236n\236\27433\305\371\221\204~"
 325      DF2B929E 
 325      6E9EBC33 
 325      33C5F991 
 325      847E
 326 007f A49B5A2D 		.ascii	"\244\233Z-\032\372\177\037_P\364\223\377S\217\274\377"
 326      1AFA7F1F 
 326      5F50F493 
 326      FF538FBC 
 326      FF
 327 0090 CB6EF5F6 		.ascii	"\313n\365\366\250V\3644E1KO\023\222-\370O\332U\226\002"
 327      A856F434 
 327      45314B4F 
 327      13922DF8 
 327      4FDA5596 
 328 00a5 C05184A4 		.ascii	"\300Q\204\244\236v\243&\327\017\035\207)\373\267\222"
 328      9E76A326 
 328      D70F1D87 
 328      29FBB792 
 329 00b5 F74AFFFB 		.ascii	"\367J\377\373\214\201\253&i\010\3271\363\025f^\0010"
 329      8C81AB26 
 329      6908D731 
 329      F315665E 
 329      0130
 330 00c7 37C9CC97 		.ascii	"7\311\314\227\231\233\231\26503w\273\335n\314<\201\231"
ARM GAS  C:\Users\nicx5\AppData\Local\Temp\ccDeJaIi.s 			page 11


 330      999B99B5 
 330      303377BB 
 330      DD6ECC3C 
 330      8199
 331 00d9 C5307337 		.ascii	"\3050s7\002}\231;\251\231\360\230\234\037\315\377\006"
 331      027D993B 
 331      A999F098 
 331      9C1FCDFF 
 331      06
 332 00ea 6D240B8F 		.ascii	"m$\013\217-\\w\352\033\217k\224G`\305JXE\355\347\341"
 332      2D5C77EA 
 332      1B8F6B94 
 332      4760C54A 
 332      5845EDE7 
 333 00ff 0A1F3BF8 		.ascii	"\012\037;\370N\011\316\346\015\347\211\233\261X4\235"
 333      4E09CEE6 
 333      0DE7899B 
 333      B158349D 
 334 010f 6A4B6F5C 		.ascii	"jKo\\\327\375\314\314X\254\251\236#\355UI\333\245D\017"
 334      D7FDCCCC 
 334      58ACA99E 
 334      23ED5549 
 334      DBA5440F 
 335 0123 58D3444F 		.ascii	"X\323DOv\275\2445\177\366oy\376\345\371\275D\355*;\317"
 335      76BDA435 
 335      7FF66F79 
 335      FEE5F9BD 
 335      44ED2A3B 
 336 0138 FF3DDABE 		.ascii	"\377=\332\276\274\275J\236\276\242'{K\264\355\252\242"
 336      BCBD4A9E 
 336      BEA2277B 
 336      4BB4EDAA 
 336      A2
 337 0149 076E9647 		.ascii	"\007n\226G\235\212\332.*\372\255%jM\331\373\267\011"
 337      9D8ADA2E 
 337      2AFAAD25 
 337      6A4DD9FB 
 337      B709
 338 015b 980E7253 		.ascii	"\230\016rS=\277\330{\324d\346\177\005&3\\\200(\341\272"
 338      3DBFD87B 
 338      D464E67F 
 338      0526335C 
 338      8028E1BA 
 339 016f 5EE27A09 		.ascii	"^\342z\011\302\032+}\205{\251\253\360\016\017{B\345"
 339      C21A2B7D 
 339      857BA9AB 
 339      F00E0F7B 
 339      42E5
 340 0181 CBFCB73B 		.ascii	"\313\374\267;Bw\004\233\002SJ2;\274\216\033\314\227"
 340      4277049B 
 340      02534A32 
 340      3BBC8E1B 
 340      CC97
 341 0193 A16FBC00 		.ascii	"\241o\274\000Pt\270\2450w\224VB! \372m\377m\014\020"
 341      5074B8A5 
 341      30779456 
 341      422120FA 
ARM GAS  C:\Users\nicx5\AppData\Local\Temp\ccDeJaIi.s 			page 12


 341      6DFF6D0C 
 342 01a8 39E2A1C4 		.ascii	"9\342\241\304u8}\343u\215\362\274FyMT\353'\275\326\372"
 342      75387DE3 
 342      758DF2BC 
 342      46794D54 
 342      EB27BDD6 
 343 01bd 5220FFF2 		.ascii	"R \377\362\376\207\003+I=l\266\033\2359\314\355\204"
 343      FE87032B 
 343      493D6CB6 
 343      1B9D39CC 
 343      ED84
 344 01cf 5980E7C3 		.ascii	"Y\200\347\303I\355\006\327q\317>n\331Wc\325G\032\011"
 344      49ED06D7 
 344      71CF3E6E 
 344      D95763D5 
 344      471A09
 345 01e2 7792259D 		.ascii	"w\222%\235\244o\013\271\320\027\235'6r\244\261\335\210"
 345      A46F0BB9 
 345      D0179D27 
 345      3672A4B1 
 345      DD88
 346 01f4 9653C00B 		.ascii	"\226S\300\013\032\206\313\031\016#\370\023v\374\223"
 346      1A86CB19 
 346      0E23F813 
 346      76FC93
 347 0203 0AC315AC 		.ascii	"\012\303\025\254\230+\006\024\252\304\026\214W\030$"
 347      982B0614 
 347      AAC4168C 
 347      571824
 348 0212 42B512B1 		.ascii	"B\265\022\261\032\321A\025\033\305\030\256\321\203\004"
 348      1AD14115 
 348      1BC518AE 
 348      D18304
 349 0221 31C8F50A 		.ascii	"1\310\365\012r\261b4@\031/\320\344bt\261\304W\0120\346"
 349      72B16234 
 349      40192FD0 
 349      E46274B1 
 349      C4570A30 
 350 0236 6AB15826 		.ascii	"j\261X&\206\3003`\034B\370\354\\\030Qb\345\023c1\302"
 350      86C03360 
 350      1C42F8EC 
 350      5C185162 
 350      E5136331 
 351 024b 4EF868F8 		.ascii	"N\370h\370\220\2001\200\255\036\021\344i\245\030p\217"
 351      90803180 
 351      AD1E11E4 
 351      69A51870 
 351      8F
 352 025c 4E071C13 		.ascii	"N\007\034\023$@|a\352GT\205\343J5\212-\020\366z\001"
 352      24407C61 
 352      EA475485 
 352      E34A358A 
 352      2D10F67A 
 353 0271 83717830 		.ascii	"\203qx0\212\257V\020\030\2025\302\306\361\203\211{\200"
 353      8AAF5610 
 353      188235C2 
 353      C6F18389 
ARM GAS  C:\Users\nicx5\AppData\Local\Temp\ccDeJaIi.s 			page 13


 353      7B80
 354 0283 2CCC105F 		.ascii	",\314\020_\214\260p\000\267h\245Z\250\250\000dA\354"
 354      8CB07000 
 354      B768A55A 
 354      A8A80064 
 354      41EC
 355 0295 89013482 		.ascii	"\211\0014\2026\314\215\205\271\2474\225^\352\373\007"
 355      36CC8D85 
 355      B9A73495 
 355      5EEAFB07 
 356 02a5 20203002 		.ascii	"  0\002b\024\225\363\320&>\216\236\3462\350`:oo%\262"
 356      621495F3 
 356      D0263E8E 
 356      9EE632E8 
 356      603A6F6F 
 357 02bb 22A6D500 		.ascii	"\"\246\325\000\371\310\3336\204\300\016\303Z\364#\201"
 357      F9C8DB36 
 357      84C00EC3 
 357      5AF42381 
 358 02cb 0D315A8B 		.ascii	"\0151Z\213\307mF\332\220\331\005\336=p\031N9\026\016"
 358      C76D46DA 
 358      90D905DE 
 358      3D70194E 
 358      39160E
 359 02de B78855E1 		.ascii	"\267\210U\341\364\314\032^\323\265\214\321[\250\330"
 359      F4CC1A5E 
 359      D3B58CD1 
 359      5BA8D8
 360 02ed 720E3BB6 		.ascii	"r\016;\266D\2326\366\031\177\002"
 360      449A36F6 
 360      197F02
 361              		.text
 362              		.section	.gnu.lto_.symtab.1f2f4b34,"e",%progbits
 363 0000 4572726F 		.ascii	"Error_Handler\000"
 363      725F4861 
 363      6E646C65 
 363      7200
 364 000e 00       		.ascii	"\000"
 365 000f 00       		.ascii	"\000"
 366 0010 00       		.ascii	"\000"
 367 0011 00000000 		.ascii	"\000\000\000\000\000\000\000\000"
 367      00000000 
 368 0019 C0000000 		.ascii	"\300\000\000\000"
 369              		.text
 370              		.section	.gnu.lto_.ext_symtab.1f2f4b34,"e",%progbits
 371 0000 01       		.ascii	"\001"
 372 0001 01       		.ascii	"\001"
 373 0002 00       		.ascii	"\000"
 374              		.text
 375              		.section	.gnu.lto_.opts,"e",%progbits
 376 0000 272D666E 		.ascii	"'-fno-openmp' '-fno-openacc' '-fno-pie' '-fcf-prote"
 376      6F2D6F70 
 376      656E6D70 
 376      2720272D 
 376      666E6F2D 
 377 0033 6374696F 		.ascii	"ction=none' '-g' '-mcpu=cortex-m7' '-mthumb' '-mfpu"
 377      6E3D6E6F 
ARM GAS  C:\Users\nicx5\AppData\Local\Temp\ccDeJaIi.s 			page 14


 377      6E652720 
 377      272D6727 
 377      20272D6D 
 378 0066 3D667076 		.ascii	"=fpv5-d16' '-mfloat-abi=hard' '-mlibarch=armv7e-m+f"
 378      352D6431 
 378      36272027 
 378      2D6D666C 
 378      6F61742D 
 379 0099 702E6470 		.ascii	"p.dp' '-march=armv7e-m+fp.dp' '-Os' '-fdata-section"
 379      2720272D 
 379      6D617263 
 379      683D6172 
 379      6D763765 
 380 00cc 73272027 		.ascii	"s' '-ffunction-sections' '-flto' '-fmerge-constants"
 380      2D666675 
 380      6E637469 
 380      6F6E2D73 
 380      65637469 
 381 00ff 2720272D 		.ascii	"' '-fno-unwind-tables' '-fno-asynchronous-unwind-ta"
 381      666E6F2D 
 381      756E7769 
 381      6E642D74 
 381      61626C65 
 382 0132 626C6573 		.ascii	"bles' '-Xassembler' '-a' '-Xassembler' '-ad' '-Xass"
 382      2720272D 
 382      58617373 
 382      656D626C 
 382      65722720 
 383 0165 656D626C 		.ascii	"embler' '-alms=build_bootloader/error_handler.lst'\000"
 383      65722720 
 383      272D616C 
 383      6D733D62 
 383      75696C64 
 384              		.text
 385              		.comm	__gnu_lto_slim,1,1
 386              		.ident	"GCC: (GNU) 13.3.0"
ARM GAS  C:\Users\nicx5\AppData\Local\Temp\ccDeJaIi.s 			page 15


DEFINED SYMBOLS
                            *ABS*:00000000 error_handler.c
C:\Users\nicx5\AppData\Local\Temp\ccDeJaIi.s:21     .gnu.debuglto_.debug_info:00000000 error_handler.c.d5ae7da6
                            *COM*:00000001 __gnu_lto_slim

NO UNDEFINED SYMBOLS
