ARM GAS  C:\Users\nicx5\AppData\Local\Temp\ccSJprvX.s 			page 1


   1              		.cpu cortex-m7
   2              		.arch armv7e-m
   3              		.fpu fpv5-d16
   4              		.eabi_attribute 28, 1
   5              		.eabi_attribute 20, 1
   6              		.eabi_attribute 21, 1
   7              		.eabi_attribute 23, 3
   8              		.eabi_attribute 24, 1
   9              		.eabi_attribute 25, 1
  10              		.eabi_attribute 26, 1
  11              		.eabi_attribute 30, 4
  12              		.eabi_attribute 34, 1
  13              		.eabi_attribute 18, 4
  14              		.file	"update.cpp"
  15              		.text
  16              		.section	.text._ZN15FirmwareUpdater14checkForUpdateEv,"ax",%progbits
  17              		.align	1
  18              		.global	_ZN15FirmwareUpdater14checkForUpdateEv
  19              		.syntax unified
  20              		.thumb
  21              		.thumb_func
  23              	_ZN15FirmwareUpdater14checkForUpdateEv:
  24              		@ args = 0, pretend = 0, frame = 0
  25              		@ frame_needed = 0, uses_anonymous_args = 0
  26              		@ link register save eliminated.
  27 0000 084B     		ldr	r3, .L5
  28 0002 094A     		ldr	r2, .L5+4
  29 0004 1968     		ldr	r1, [r3]
  30 0006 9142     		cmp	r1, r2
  31 0008 09D1     		bne	.L4
  32 000a 5A68     		ldr	r2, [r3, #4]
  33 000c 012A     		cmp	r2, #1
  34 000e 06D9     		bls	.L4
  35 0010 9868     		ldr	r0, [r3, #8]
  36 0012 B0F5003F 		cmp	r0, #131072
  37 0016 8CBF     		ite	hi
  38 0018 0020     		movhi	r0, #0
  39 001a 0120     		movls	r0, #1
  40 001c 7047     		bx	lr
  41              	.L4:
  42 001e 0020     		movs	r0, #0
  43 0020 7047     		bx	lr
  44              	.L6:
  45 0022 00BF     		.align	2
  46              	.L5:
  47 0024 00001090 		.word	-1877999616
  48 0028 544F4F42 		.word	1112493908
  50              		.section	.text._ZN15FirmwareUpdater17verifyApplicationEv,"ax",%progbits
  51              		.align	1
  52              		.global	_ZN15FirmwareUpdater17verifyApplicationEv
  53              		.syntax unified
  54              		.thumb
  55              		.thumb_func
  57              	_ZN15FirmwareUpdater17verifyApplicationEv:
  58              		@ args = 0, pretend = 0, frame = 0
  59              		@ frame_needed = 0, uses_anonymous_args = 0
  60              		@ link register save eliminated.
ARM GAS  C:\Users\nicx5\AppData\Local\Temp\ccSJprvX.s 			page 2


  61 0000 0020     		movs	r0, #0
  62 0002 7047     		bx	lr
  64              		.section	.text._ZN15FirmwareUpdater21eraseApplicationSpaceEv,"ax",%progbits
  65              		.align	1
  66              		.global	_ZN15FirmwareUpdater21eraseApplicationSpaceEv
  67              		.syntax unified
  68              		.thumb
  69              		.thumb_func
  71              	_ZN15FirmwareUpdater21eraseApplicationSpaceEv:
  72              		@ args = 0, pretend = 0, frame = 0
  73              		@ frame_needed = 0, uses_anonymous_args = 0
  74 0000 08B5     		push	{r3, lr}
  75 0002 4FF01040 		mov	r0, #-1879048192
  76 0006 FFF7FEFF 		bl	QSPI_W25Qxx_SectorErase
  77 000a B0FA80F0 		clz	r0, r0
  78 000e 4009     		lsrs	r0, r0, #5
  79 0010 08BD     		pop	{r3, pc}
  81              		.section	.text._ZN15FirmwareUpdater10writeFlashEmPhm,"ax",%progbits
  82              		.align	1
  83              		.global	_ZN15FirmwareUpdater10writeFlashEmPhm
  84              		.syntax unified
  85              		.thumb
  86              		.thumb_func
  88              	_ZN15FirmwareUpdater10writeFlashEmPhm:
  89              		@ args = 0, pretend = 0, frame = 0
  90              		@ frame_needed = 0, uses_anonymous_args = 0
  91 0000 08B5     		push	{r3, lr}
  92 0002 0B46     		mov	r3, r1
  93 0004 0146     		mov	r1, r0
  94 0006 1846     		mov	r0, r3
  95 0008 FFF7FEFF 		bl	QSPI_W25Qxx_WriteBuffer
  96 000c B0FA80F0 		clz	r0, r0
  97 0010 4009     		lsrs	r0, r0, #5
  98 0012 08BD     		pop	{r3, pc}
 100              		.section	.text._ZN15FirmwareUpdater17calculateChecksumEPhm,"ax",%progbits
 101              		.align	1
 102              		.global	_ZN15FirmwareUpdater17calculateChecksumEPhm
 103              		.syntax unified
 104              		.thumb
 105              		.thumb_func
 107              	_ZN15FirmwareUpdater17calculateChecksumEPhm:
 108              		@ args = 0, pretend = 0, frame = 0
 109              		@ frame_needed = 0, uses_anonymous_args = 0
 110 0000 30B5     		push	{r4, r5, lr}
 111 0002 0144     		add	r1, r1, r0
 112 0004 4FF0FF33 		mov	r3, #-1
 113 0008 084D     		ldr	r5, .L15
 114              	.L11:
 115 000a 8842     		cmp	r0, r1
 116 000c 01D1     		bne	.L13
 117 000e D843     		mvns	r0, r3
 118 0010 30BD     		pop	{r4, r5, pc}
 119              	.L13:
 120 0012 10F8012B 		ldrb	r2, [r0], #1	@ zero_extendqisi2
 121 0016 5340     		eors	r3, r3, r2
 122 0018 0822     		movs	r2, #8
 123              	.L12:
ARM GAS  C:\Users\nicx5\AppData\Local\Temp\ccSJprvX.s 			page 3


 124 001a 43F30004 		sbfx	r4, r3, #0, #1
 125 001e 013A     		subs	r2, r2, #1
 126 0020 04EA0504 		and	r4, r4, r5
 127 0024 84EA5303 		eor	r3, r4, r3, lsr #1
 128 0028 F7D1     		bne	.L12
 129 002a EEE7     		b	.L11
 130              	.L16:
 131              		.align	2
 132              	.L15:
 133 002c 2083B8ED 		.word	-306674912
 135              		.section	.text._ZN15FirmwareUpdater13performUpdateEv,"ax",%progbits
 136              		.align	1
 137              		.global	_ZN15FirmwareUpdater13performUpdateEv
 138              		.syntax unified
 139              		.thumb
 140              		.thumb_func
 142              	_ZN15FirmwareUpdater13performUpdateEv:
 143              		@ args = 0, pretend = 0, frame = 0
 144              		@ frame_needed = 0, uses_anonymous_args = 0
 145 0000 38B5     		push	{r3, r4, r5, lr}
 146 0002 FFF7FEFF 		bl	_ZN15FirmwareUpdater21eraseApplicationSpaceEv
 147 0006 08B9     		cbnz	r0, .L18
 148              	.L20:
 149 0008 0020     		movs	r0, #0
 150              	.L19:
 151 000a 38BD     		pop	{r3, r4, r5, pc}
 152              	.L18:
 153 000c 094D     		ldr	r5, .L24
 154 000e 4FF01040 		mov	r0, #-1879048192
 155 0012 0949     		ldr	r1, .L24+4
 156 0014 AA68     		ldr	r2, [r5, #8]
 157 0016 FFF7FEFF 		bl	_ZN15FirmwareUpdater10writeFlashEmPhm
 158 001a 0028     		cmp	r0, #0
 159 001c F4D0     		beq	.L20
 160 001e 4FF01040 		mov	r0, #-1879048192
 161 0022 D5E90214 		ldrd	r1, r4, [r5, #8]
 162 0026 FFF7FEFF 		bl	_ZN15FirmwareUpdater17calculateChecksumEPhm
 163 002a 231A     		subs	r3, r4, r0
 164 002c 5842     		rsbs	r0, r3, #0
 165 002e 5841     		adcs	r0, r0, r3
 166 0030 EBE7     		b	.L19
 167              	.L25:
 168 0032 00BF     		.align	2
 169              	.L24:
 170 0034 00001090 		.word	-1877999616
 171 0038 10001090 		.word	-1877999600
 173              		.section	.text._ZN15FirmwareUpdater14verifyChecksumEPhmm,"ax",%progbits
 174              		.align	1
 175              		.global	_ZN15FirmwareUpdater14verifyChecksumEPhmm
 176              		.syntax unified
 177              		.thumb
 178              		.thumb_func
 180              	_ZN15FirmwareUpdater14verifyChecksumEPhmm:
 181              		@ args = 0, pretend = 0, frame = 0
 182              		@ frame_needed = 0, uses_anonymous_args = 0
 183 0000 10B5     		push	{r4, lr}
 184 0002 1446     		mov	r4, r2
ARM GAS  C:\Users\nicx5\AppData\Local\Temp\ccSJprvX.s 			page 4


 185 0004 FFF7FEFF 		bl	_ZN15FirmwareUpdater17calculateChecksumEPhm
 186 0008 031B     		subs	r3, r0, r4
 187 000a 5842     		rsbs	r0, r3, #0
 188 000c 5841     		adcs	r0, r0, r3
 189 000e 10BD     		pop	{r4, pc}
 191              		.section	.text._ZN15FirmwareUpdater11unlockFlashEv,"ax",%progbits
 192              		.align	1
 193              		.global	_ZN15FirmwareUpdater11unlockFlashEv
 194              		.syntax unified
 195              		.thumb
 196              		.thumb_func
 198              	_ZN15FirmwareUpdater11unlockFlashEv:
 199              		@ args = 0, pretend = 0, frame = 0
 200              		@ frame_needed = 0, uses_anonymous_args = 0
 201 0000 08B5     		push	{r3, lr}
 202 0002 FFF7FEFF 		bl	HAL_FLASH_Unlock
 203 0006 20B9     		cbnz	r0, .L29
 204 0008 034B     		ldr	r3, .L30
 205 000a 0120     		movs	r0, #1
 206 000c 034A     		ldr	r2, .L30+4
 207 000e 5A61     		str	r2, [r3, #20]
 208              	.L28:
 209 0010 08BD     		pop	{r3, pc}
 210              	.L29:
 211 0012 0020     		movs	r0, #0
 212 0014 FCE7     		b	.L28
 213              	.L31:
 214 0016 00BF     		.align	2
 215              	.L30:
 216 0018 00200052 		.word	1375739904
 217 001c 0000EF17 		.word	401539072
 219              		.section	.text._ZN15FirmwareUpdater9lockFlashEv,"ax",%progbits
 220              		.align	1
 221              		.global	_ZN15FirmwareUpdater9lockFlashEv
 222              		.syntax unified
 223              		.thumb
 224              		.thumb_func
 226              	_ZN15FirmwareUpdater9lockFlashEv:
 227              		@ args = 0, pretend = 0, frame = 0
 228              		@ frame_needed = 0, uses_anonymous_args = 0
 229 0000 08B5     		push	{r3, lr}
 230 0002 FFF7FEFF 		bl	HAL_FLASH_Lock
 231 0006 B0FA80F0 		clz	r0, r0
 232 000a 4009     		lsrs	r0, r0, #5
 233 000c 08BD     		pop	{r3, pc}
 235              		.global	firmwareUpdater
 236              		.section	.bss.firmwareUpdater,"aw",%nobits
 239              	firmwareUpdater:
 240 0000 00       		.space	1
 241              		.ident	"GCC: (GNU) 13.3.0"
ARM GAS  C:\Users\nicx5\AppData\Local\Temp\ccSJprvX.s 			page 5


DEFINED SYMBOLS
                            *ABS*:00000000 update.cpp
C:\Users\nicx5\AppData\Local\Temp\ccSJprvX.s:17     .text._ZN15FirmwareUpdater14checkForUpdateEv:00000000 $t
C:\Users\nicx5\AppData\Local\Temp\ccSJprvX.s:23     .text._ZN15FirmwareUpdater14checkForUpdateEv:00000000 _ZN15FirmwareUpdater14checkForUpdateEv
C:\Users\nicx5\AppData\Local\Temp\ccSJprvX.s:47     .text._ZN15FirmwareUpdater14checkForUpdateEv:00000024 $d
C:\Users\nicx5\AppData\Local\Temp\ccSJprvX.s:51     .text._ZN15FirmwareUpdater17verifyApplicationEv:00000000 $t
C:\Users\nicx5\AppData\Local\Temp\ccSJprvX.s:57     .text._ZN15FirmwareUpdater17verifyApplicationEv:00000000 _ZN15FirmwareUpdater17verifyApplicationEv
C:\Users\nicx5\AppData\Local\Temp\ccSJprvX.s:65     .text._ZN15FirmwareUpdater21eraseApplicationSpaceEv:00000000 $t
C:\Users\nicx5\AppData\Local\Temp\ccSJprvX.s:71     .text._ZN15FirmwareUpdater21eraseApplicationSpaceEv:00000000 _ZN15FirmwareUpdater21eraseApplicationSpaceEv
C:\Users\nicx5\AppData\Local\Temp\ccSJprvX.s:82     .text._ZN15FirmwareUpdater10writeFlashEmPhm:00000000 $t
C:\Users\nicx5\AppData\Local\Temp\ccSJprvX.s:88     .text._ZN15FirmwareUpdater10writeFlashEmPhm:00000000 _ZN15FirmwareUpdater10writeFlashEmPhm
C:\Users\nicx5\AppData\Local\Temp\ccSJprvX.s:101    .text._ZN15FirmwareUpdater17calculateChecksumEPhm:00000000 $t
C:\Users\nicx5\AppData\Local\Temp\ccSJprvX.s:107    .text._ZN15FirmwareUpdater17calculateChecksumEPhm:00000000 _ZN15FirmwareUpdater17calculateChecksumEPhm
C:\Users\nicx5\AppData\Local\Temp\ccSJprvX.s:133    .text._ZN15FirmwareUpdater17calculateChecksumEPhm:0000002c $d
C:\Users\nicx5\AppData\Local\Temp\ccSJprvX.s:136    .text._ZN15FirmwareUpdater13performUpdateEv:00000000 $t
C:\Users\nicx5\AppData\Local\Temp\ccSJprvX.s:142    .text._ZN15FirmwareUpdater13performUpdateEv:00000000 _ZN15FirmwareUpdater13performUpdateEv
C:\Users\nicx5\AppData\Local\Temp\ccSJprvX.s:170    .text._ZN15FirmwareUpdater13performUpdateEv:00000034 $d
C:\Users\nicx5\AppData\Local\Temp\ccSJprvX.s:174    .text._ZN15FirmwareUpdater14verifyChecksumEPhmm:00000000 $t
C:\Users\nicx5\AppData\Local\Temp\ccSJprvX.s:180    .text._ZN15FirmwareUpdater14verifyChecksumEPhmm:00000000 _ZN15FirmwareUpdater14verifyChecksumEPhmm
C:\Users\nicx5\AppData\Local\Temp\ccSJprvX.s:192    .text._ZN15FirmwareUpdater11unlockFlashEv:00000000 $t
C:\Users\nicx5\AppData\Local\Temp\ccSJprvX.s:198    .text._ZN15FirmwareUpdater11unlockFlashEv:00000000 _ZN15FirmwareUpdater11unlockFlashEv
C:\Users\nicx5\AppData\Local\Temp\ccSJprvX.s:216    .text._ZN15FirmwareUpdater11unlockFlashEv:00000018 $d
C:\Users\nicx5\AppData\Local\Temp\ccSJprvX.s:220    .text._ZN15FirmwareUpdater9lockFlashEv:00000000 $t
C:\Users\nicx5\AppData\Local\Temp\ccSJprvX.s:226    .text._ZN15FirmwareUpdater9lockFlashEv:00000000 _ZN15FirmwareUpdater9lockFlashEv
C:\Users\nicx5\AppData\Local\Temp\ccSJprvX.s:239    .bss.firmwareUpdater:00000000 firmwareUpdater
C:\Users\nicx5\AppData\Local\Temp\ccSJprvX.s:240    .bss.firmwareUpdater:00000000 $d

UNDEFINED SYMBOLS
QSPI_W25Qxx_SectorErase
QSPI_W25Qxx_WriteBuffer
HAL_FLASH_Unlock
HAL_FLASH_Lock
